....[系统] JSON 解析失败（不应发生在 JSON mode 下）: 非法JSON第一次
[DummyAgent] JSON 解析失败，重试 1/1
[系统] JSON 解析失败（不应发生在 JSON mode 下）: 非法JSON第二次
.[系统] JSON 解析失败（不应发生在 JSON mode 下）: 这不是JSON
[DummyAgent] JSON 解析失败，重试 1/1
..................................................................[系统] JSON 解析失败（不应发生在 JSON mode 下）: {"reasoning": "分析", {"matched_power_tags": [{"name": "快速拔枪"}]}
[标签匹配Agent] JSON 解析失败，重试 1/1
......................[系统] ?: 故事标签 [不存在] 不存在，已忽略
............[系统] 模糊匹配: 'Kael' 存在歧义，匹配到 2 个目标
...........................................丢弃 LLM 返回的未知力量标签: {'不存在的能力'}
丢弃 LLM 返回的未知弱点标签: {'不存在的弱点'}
..................................................................[系统] JSON 解析失败（不应发生在 JSON mode 下）: 
.[系统] JSON 解析失败（不应发生在 JSON mode 下）: 这不是JSON
.........LLM重试 1/2 (RateLimitError)，等待 1s 后重试
LLM调用失败（已重试2次）: rate limited
...LLM重试 1/3 (APIError)，等待 1s 后重试
.LLM重试 1/3 (APIConnectionError)，等待 1s 后重试
.LLM重试 1/3 (RateLimitError)，等待 1s 后重试
.LLM重试 1/3 (InternalServerError)，等待 1s 后重试
.LLM重试 1/3 (APITimeoutError)，等待 1s 后重试
....LLM重试 1/3 (RateLimitError)，等待 1s 后重试
LLM重试 2/3 (RateLimitError)，等待 2s 后重试
...................................................................................................
----------------------------------------------------------------------
Ran 334 tests in 0.046s

OK
